// Jest Snapshot v1, https://goo.gl/fbAQLP

exports[`Tarefas deve renderizar um quadro de tarefas com 3 tarefas 1`] = `
<DocumentFragment>
  <div
    class="row text-left"
  >
    <div
      class="col-6 col-sm-6 col-md-6 col-lg-6 col-xl-6"
    >
      <h5
        class="text-muted"
      >
        <a
          class="btn btn-secondary"
          href="/arquivadas"
        >
          ARQUIVADAS 
          <span
            class="badge badge-pill badge-info"
            style="margin-left: 6px;"
          >
            0
          </span>
        </a>
      </h5>
    </div>
    <div
      class="col-6 col-sm-6 col-md-6 col-lg-6 col-xl-6 text-right"
    >
      <a
        class="btn btn-primary"
        href="/adicionar"
      >
        Adicionar nova tarefa
      </a>
    </div>
  </div>
  <div
    class="row"
  >
    <div
      class="col-12"
    >
      <div
        class="alert alert-danger"
        role="alert"
      >
        Algo deu errado, 
        <a
          class="alert-link"
          href="/"
        >
          recarregue a página.
        </a>
      </div>
    </div>
  </div>
  <div
    class="row"
  >
    <div
      class="col-6 col-sm-6 col-md-4 col-lg-4 col-xl-4"
    >
      <h3
        class="text-center text-info"
      >
        A FAZER
        <span
          class="badge badge-pill badge-info"
          style="margin-left: 6px;"
        >
          1
        </span>
      </h3>
      <div
        class="card w-100 h-auto text-white bg-info"
        draggable="true"
        style="margin-bottom: 5px;"
      >
        <div
          class="card-body text-center"
        >
          <h5
            class="card-title"
          >
            fazer algo1
          </h5>
          <p
            class="card-text text-justify"
          >
            fazer alguma coisa1
          </p>
          <p
            class="card-text text-left "
            style="font-size: 11px;"
          >
            Adicionado em: 28/01
          </p>
          <p
            class="card-text text-left"
            style="font-size: 11px;"
          />
          <p
            class="card-text text-center"
          />
          <div
            aria-label="Botões Editar e de ações"
            class="btn-group btn-group-sm"
            role="group"
          >
            <a
              class="btn btn-sm btn-light"
              href="/editar"
            >
              Editar 
            </a>
            <button
              class="btn btn-sm btn-secondary"
            >
              Fazer
            </button>
          </div>
        </div>
      </div>
    </div>
    <div
      class="col-6 col-sm-6 col-md-4 col-lg-4 col-xl-4"
    >
      <h3
        class="text-center text-warning"
      >
        FAZENDO
        <span
          class="badge badge-pill badge-info"
          style="margin-left: 6px;"
        >
          1
        </span>
      </h3>
      <div
        class="card w-100 h-auto bg-warning"
        draggable="true"
        style="margin-bottom: 5px;"
      >
        <div
          class="card-body text-center"
        >
          <h5
            class="card-title"
          >
            fazer algo2
          </h5>
          <p
            class="card-text text-justify"
          >
            fazer alguma coisa2
          </p>
          <p
            class="card-text text-left "
            style="font-size: 11px;"
          >
            Adicionado em: 28/01
          </p>
          <p
            class="card-text text-left"
            style="font-size: 11px;"
          />
          <p
            class="card-text text-center"
          />
          <div
            aria-label="Botões Editar e de ações"
            class="btn-group btn-group-sm"
            role="group"
          >
            <a
              class="btn btn-sm btn-light"
              href="/editar"
            >
              Editar 
            </a>
            <button
              class="btn btn-sm btn-secondary"
            >
              Concluir
            </button>
          </div>
        </div>
      </div>
    </div>
    <div
      class="col-12 col-sm-12 col-md-4 col-lg-4 col-xl-4"
    >
      <h3
        class="text-center text-success"
      >
        FEITO
        <span
          class="badge badge-pill badge-info"
          style="margin-left: 6px;"
        >
          1
        </span>
      </h3>
      <div
        class="card w-100 h-auto bg-success"
        draggable="false"
        style="margin-bottom: 5px;"
      >
        <div
          class="card-body text-center"
        >
          <h5
            class="card-title"
          >
            fazer algo3
          </h5>
          <p
            class="card-text text-justify"
          >
            fazer alguma coisa3
          </p>
          <p
            class="card-text text-left "
            style="font-size: 11px;"
          >
            Adicionado em: 28/01
          </p>
          <p
            class="card-text text-left"
            style="font-size: 11px;"
          />
          <p
            class="card-text text-center"
          />
          <div
            aria-label="Botões Editar e de ações"
            class="btn-group btn-group-sm"
            role="group"
          >
            <a
              class="btn btn-sm btn-light"
              href="/editar"
            >
              Editar 
            </a>
            <button
              class="btn btn-sm btn-secondary"
            >
              Arquivar
            </button>
          </div>
        </div>
      </div>
    </div>
  </div>
</DocumentFragment>
`;
